[     456ms] [ERROR] Failed to load resource: the server responded with a status of 500 (Internal Server Error) @ https://one.octavo.press/api/properties/877/history:0
[    1544ms] [INFO] Connecting to 'https://tiles.openfreemap.org/styles/positron' violates the following Content Security Policy directive: "connect-src 'self' https://api.stripe.com". The policy is report-only, so the violation has been logged but no further action has been taken. @ https://one.octavo.press/_next/static/chunks/3xobgt-sid5yy.js:0
[    1545ms] [INFO] Connecting to 'https://tiles.openfreemap.org/styles/positron' violates the following Content Security Policy directive: "connect-src 'self' https://api.stripe.com". The policy is report-only, so the violation has been logged but no further action has been taken. @ https://one.octavo.press/_next/static/chunks/3xobgt-sid5yy.js:0
[    1598ms] [INFO] Connecting to 'https://tiles.openfreemap.org/planet' violates the following Content Security Policy directive: "connect-src 'self' https://api.stripe.com". The policy is report-only, so the violation has been logged but no further action has been taken. @ https://one.octavo.press/_next/static/chunks/3xobgt-sid5yy.js:0
[    1598ms] [INFO] Connecting to 'https://tiles.openfreemap.org/planet' violates the following Content Security Policy directive: "connect-src 'self' https://api.stripe.com". The policy is report-only, so the violation has been logged but no further action has been taken. @ https://one.octavo.press/_next/static/chunks/3xobgt-sid5yy.js:0
[    1599ms] [INFO] Connecting to 'https://tiles.openfreemap.org/sprites/ofm_f384/ofm@2x.json' violates the following Content Security Policy directive: "connect-src 'self' https://api.stripe.com". The policy is report-only, so the violation has been logged but no further action has been taken. @ https://one.octavo.press/_next/static/chunks/3xobgt-sid5yy.js:0
[    1599ms] [INFO] Connecting to 'https://tiles.openfreemap.org/sprites/ofm_f384/ofm@2x.json' violates the following Content Security Policy directive: "connect-src 'self' https://api.stripe.com". The policy is report-only, so the violation has been logged but no further action has been taken. @ https://one.octavo.press/_next/static/chunks/3xobgt-sid5yy.js:0
[    1600ms] [INFO] Connecting to 'https://tiles.openfreemap.org/sprites/ofm_f384/ofm@2x.png' violates the following Content Security Policy directive: "connect-src 'self' https://api.stripe.com". The policy is report-only, so the violation has been logged but no further action has been taken. @ https://one.octavo.press/_next/static/chunks/3xobgt-sid5yy.js:0
[    1600ms] [INFO] Connecting to 'https://tiles.openfreemap.org/sprites/ofm_f384/ofm@2x.png' violates the following Content Security Policy directive: "connect-src 'self' https://api.stripe.com". The policy is report-only, so the violation has been logged but no further action has been taken. @ https://one.octavo.press/_next/static/chunks/3xobgt-sid5yy.js:0
[    2859ms] [WARNING] Expected value to be of type number, but found null instead. @ blob:https://one.octavo.press/b00f16e3-9d44-4b3f-8ef0-b0e1d771463c:0
[    2860ms] [WARNING] Expected value to be of type number, but found null instead. @ blob:https://one.octavo.press/b00f16e3-9d44-4b3f-8ef0-b0e1d771463c:0
[    2860ms] [WARNING] Expected value to be of type number, but found null instead. @ blob:https://one.octavo.press/b00f16e3-9d44-4b3f-8ef0-b0e1d771463c:0
[    2863ms] [INFO] Connecting to 'https://tiles.openfreemap.org/fonts/Noto%20Sans%20Regular/0-255.pbf' violates the following Content Security Policy directive: "connect-src 'self' https://api.stripe.com". The policy is report-only, so the violation has been logged but no further action has been taken. @ https://one.octavo.press/_next/static/chunks/3xobgt-sid5yy.js:0
[    2863ms] [INFO] Connecting to 'https://tiles.openfreemap.org/fonts/Noto%20Sans%20Regular/0-255.pbf' violates the following Content Security Policy directive: "connect-src 'self' https://api.stripe.com". The policy is report-only, so the violation has been logged but no further action has been taken. @ https://one.octavo.press/_next/static/chunks/3xobgt-sid5yy.js:0
[    2903ms] [INFO] Connecting to 'https://tiles.openfreemap.org/fonts/Noto%20Sans%20Italic/0-255.pbf' violates the following Content Security Policy directive: "connect-src 'self' https://api.stripe.com". The policy is report-only, so the violation has been logged but no further action has been taken. @ https://one.octavo.press/_next/static/chunks/3xobgt-sid5yy.js:0
[    2903ms] [INFO] Connecting to 'https://tiles.openfreemap.org/fonts/Noto%20Sans%20Italic/0-255.pbf' violates the following Content Security Policy directive: "connect-src 'self' https://api.stripe.com". The policy is report-only, so the violation has been logged but no further action has been taken. @ https://one.octavo.press/_next/static/chunks/3xobgt-sid5yy.js:0
[    3062ms] [ERROR] Error: <polyline> attribute points: Expected number, "4.0,NaN 9.1,NaN 14.1…". @ https://one.octavo.press/_next/static/chunks/2_jm78b34ef7o.js:0
[    3062ms] [ERROR] Error: <circle> attribute cy: Expected length, "NaN". @ https://one.octavo.press/_next/static/chunks/2_jm78b34ef7o.js:0
[    3327ms] [INFO] Connecting to 'https://tiles.openfreemap.org/fonts/Noto%20Sans%20Medium,Noto%20Sans%20Regular/0-255.pbf' violates the following Content Security Policy directive: "connect-src 'self' https://api.stripe.com". The policy is report-only, so the violation has been logged but no further action has been taken. @ https://one.octavo.press/_next/static/chunks/3xobgt-sid5yy.js:0
[    3327ms] [INFO] Connecting to 'https://tiles.openfreemap.org/fonts/Noto%20Sans%20Medium,Noto%20Sans%20Regular/0-255.pbf' violates the following Content Security Policy directive: "connect-src 'self' https://api.stripe.com". The policy is report-only, so the violation has been logged but no further action has been taken. @ https://one.octavo.press/_next/static/chunks/3xobgt-sid5yy.js:0
[    3903ms] [ERROR] Failed to load resource: the server responded with a status of 404 () @ https://tiles.openfreemap.org/fonts/Noto%20Sans%20Medium,Noto%20Sans%20Regular/0-255.pbf:0
[    3907ms] [WARNING] Unable to load glyph range 0, 0-255. Rendering codepoint U+0024 locally instead. Error: AJAXError:  (404): https://tiles.openfreemap.org/fonts/Noto Sans Medium,Noto Sans Regular/0-255.pbf @ https://one.octavo.press/_next/static/chunks/3xobgt-sid5yy.js:0
[    3907ms] [WARNING] Unable to load glyph range 0, 0-255. Rendering codepoint U+002E locally instead. Error: AJAXError:  (404): https://tiles.openfreemap.org/fonts/Noto Sans Medium,Noto Sans Regular/0-255.pbf @ https://one.octavo.press/_next/static/chunks/3xobgt-sid5yy.js:0
[    3908ms] [WARNING] Unable to load glyph range 0, 0-255. Rendering codepoint U+0030 locally instead. Error: AJAXError:  (404): https://tiles.openfreemap.org/fonts/Noto Sans Medium,Noto Sans Regular/0-255.pbf @ https://one.octavo.press/_next/static/chunks/3xobgt-sid5yy.js:0
[    3909ms] [WARNING] Unable to load glyph range 0, 0-255. Rendering codepoint U+0031 locally instead. Error: AJAXError:  (404): https://tiles.openfreemap.org/fonts/Noto Sans Medium,Noto Sans Regular/0-255.pbf @ https://one.octavo.press/_next/static/chunks/3xobgt-sid5yy.js:0
[    3909ms] [WARNING] Unable to load glyph range 0, 0-255. Rendering codepoint U+0032 locally instead. Error: AJAXError:  (404): https://tiles.openfreemap.org/fonts/Noto Sans Medium,Noto Sans Regular/0-255.pbf @ https://one.octavo.press/_next/static/chunks/3xobgt-sid5yy.js:0
[    3910ms] [WARNING] Unable to load glyph range 0, 0-255. Rendering codepoint U+0033 locally instead. Error: AJAXError:  (404): https://tiles.openfreemap.org/fonts/Noto Sans Medium,Noto Sans Regular/0-255.pbf @ https://one.octavo.press/_next/static/chunks/3xobgt-sid5yy.js:0
[    3910ms] [WARNING] Unable to load glyph range 0, 0-255. Rendering codepoint U+0034 locally instead. Error: AJAXError:  (404): https://tiles.openfreemap.org/fonts/Noto Sans Medium,Noto Sans Regular/0-255.pbf @ https://one.octavo.press/_next/static/chunks/3xobgt-sid5yy.js:0
[    3911ms] [WARNING] Unable to load glyph range 0, 0-255. Rendering codepoint U+0035 locally instead. Error: AJAXError:  (404): https://tiles.openfreemap.org/fonts/Noto Sans Medium,Noto Sans Regular/0-255.pbf @ https://one.octavo.press/_next/static/chunks/3xobgt-sid5yy.js:0
[    3911ms] [WARNING] Unable to load glyph range 0, 0-255. Rendering codepoint U+0036 locally instead. Error: AJAXError:  (404): https://tiles.openfreemap.org/fonts/Noto Sans Medium,Noto Sans Regular/0-255.pbf @ https://one.octavo.press/_next/static/chunks/3xobgt-sid5yy.js:0
[    3911ms] [WARNING] Unable to load glyph range 0, 0-255. Rendering codepoint U+0037 locally instead. Error: AJAXError:  (404): https://tiles.openfreemap.org/fonts/Noto Sans Medium,Noto Sans Regular/0-255.pbf @ https://one.octavo.press/_next/static/chunks/3xobgt-sid5yy.js:0
[    3912ms] [WARNING] Unable to load glyph range 0, 0-255. Rendering codepoint U+0038 locally instead. Error: AJAXError:  (404): https://tiles.openfreemap.org/fonts/Noto Sans Medium,Noto Sans Regular/0-255.pbf @ https://one.octavo.press/_next/static/chunks/3xobgt-sid5yy.js:0
[    3912ms] [WARNING] Unable to load glyph range 0, 0-255. Rendering codepoint U+0039 locally instead. Error: AJAXError:  (404): https://tiles.openfreemap.org/fonts/Noto Sans Medium,Noto Sans Regular/0-255.pbf @ https://one.octavo.press/_next/static/chunks/3xobgt-sid5yy.js:0
[    3913ms] [WARNING] Unable to load glyph range 0, 0-255. Rendering codepoint U+004B locally instead. Error: AJAXError:  (404): https://tiles.openfreemap.org/fonts/Noto Sans Medium,Noto Sans Regular/0-255.pbf @ https://one.octavo.press/_next/static/chunks/3xobgt-sid5yy.js:0
[    3913ms] [WARNING] Unable to load glyph range 0, 0-255. Rendering codepoint U+004D locally instead. Error: AJAXError:  (404): https://tiles.openfreemap.org/fonts/Noto Sans Medium,Noto Sans Regular/0-255.pbf @ https://one.octavo.press/_next/static/chunks/3xobgt-sid5yy.js:0
[    3922ms] [WARNING] Expected value to be of type number, but found string instead. @ blob:https://one.octavo.press/b00f16e3-9d44-4b3f-8ef0-b0e1d771463c:0
