[     247ms] [ERROR] Failed to load resource: the server responded with a status of 401 (Unauthorized) @ https://one.octavo.press/api/prefs:0
[     250ms] [ERROR] Failed to load resource: the server responded with a status of 501 (Not Implemented) @ https://one.octavo.press/api/saved-searches?user_id=808448f8-0575-4c80-9ee5-68838ddd98e4:0
[     254ms] [ERROR] Failed to load resource: the server responded with a status of 401 (Unauthorized) @ https://one.octavo.press/api/alerts:0
[     257ms] [ERROR] Failed to load resource: the server responded with a status of 401 (Unauthorized) @ https://one.octavo.press/api/prefs:0
[     259ms] [ERROR] Failed to load resource: the server responded with a status of 401 (Unauthorized) @ https://one.octavo.press/api/alerts:0
[     260ms] [ERROR] Failed to load resource: the server responded with a status of 401 (Unauthorized) @ https://one.octavo.press/api/prefs:0
[     459ms] [INFO] Loading the script 'https://js.stripe.com/clover/stripe.js' violates the following Content Security Policy directive: "script-src 'self' 'unsafe-eval' 'unsafe-inline'". Note that 'script-src-elem' was not explicitly set, so 'script-src' is used as a fallback. The policy is report-only, so the violation has been logged but no further action has been taken. @ https://one.octavo.press/_next/static/chunks/3rashtgknomad.js:0
[     504ms] [ERROR] Framing 'https://js.stripe.com/' violates the following report-only Content Security Policy directive: "default-src 'self'". The violation has been logged, but no further action has been taken. Note that 'frame-src' was not explicitly set, so 'default-src' is used as a fallback.
 @ https://js.stripe.com/:0
[     507ms] [ERROR] Framing 'https://js.stripe.com/' violates the following report-only Content Security Policy directive: "default-src 'self'". The violation has been logged, but no further action has been taken. Note that 'frame-src' was not explicitly set, so 'default-src' is used as a fallback.
 @ https://js.stripe.com/:0
[    1289ms] [ERROR] Failed to load resource: the server responded with a status of 501 (Not Implemented) @ https://one.octavo.press/api/saved-searches?user_id=808448f8-0575-4c80-9ee5-68838ddd98e4:0
[    1499ms] [ERROR] Framing 'https://js.stripe.com/' violates the following report-only Content Security Policy directive: "default-src 'self'". The violation has been logged, but no further action has been taken. Note that 'frame-src' was not explicitly set, so 'default-src' is used as a fallback.
 @ https://js.stripe.com/:0
[    1503ms] [ERROR] Framing 'https://js.stripe.com/' violates the following report-only Content Security Policy directive: "default-src 'self'". The violation has been logged, but no further action has been taken. Note that 'frame-src' was not explicitly set, so 'default-src' is used as a fallback.
 @ https://js.stripe.com/:0
[    3331ms] [ERROR] Failed to load resource: the server responded with a status of 501 (Not Implemented) @ https://one.octavo.press/api/saved-searches?user_id=808448f8-0575-4c80-9ee5-68838ddd98e4:0
[    5611ms] [INFO] Loading the script 'https://js.stripe.com/v3/fingerprinted/js/trusted-types-checker-5f0c8e2badcf649fffcda863f4764381.js' violates the following Content Security Policy directive: "script-src 'self' 'unsafe-eval' 'unsafe-inline'". Note that 'script-src-elem' was not explicitly set, so 'script-src' is used as a fallback. The policy is report-only, so the violation has been logged but no further action has been taken. @ https://js.stripe.com/clover/stripe.js:0
[    7372ms] [ERROR] Failed to load resource: the server responded with a status of 501 (Not Implemented) @ https://one.octavo.press/api/saved-searches?user_id=808448f8-0575-4c80-9ee5-68838ddd98e4:0
[   10652ms] [WARNING] The resource https://one.octavo.press/_next/static/chunks/2onuoye2b_g2z.css was preloaded using link preload but not used within a few seconds from the window's load event. Please make sure it has an appropriate `as` value and it is preloaded intentionally. @ https://one.octavo.press/login?next=/welcome:0
[   27760ms] [WARNING] The resource https://one.octavo.press/_next/static/chunks/2onuoye2b_g2z.css was preloaded using link preload but not used within a few seconds from the window's load event. Please make sure it has an appropriate `as` value and it is preloaded intentionally. @ https://one.octavo.press/login?next=/welcome:0
[   60240ms] [ERROR] Failed to load resource: the server responded with a status of 401 (Unauthorized) @ https://one.octavo.press/api/alerts:0
[   60245ms] [ERROR] Failed to load resource: the server responded with a status of 401 (Unauthorized) @ https://one.octavo.press/api/alerts:0
[   63299ms] [WARNING] The resource https://one.octavo.press/_next/static/chunks/2onuoye2b_g2z.css was preloaded using link preload but not used within a few seconds from the window's load event. Please make sure it has an appropriate `as` value and it is preloaded intentionally. @ https://one.octavo.press/login?next=/welcome:0
[   69139ms] [WARNING] The resource https://one.octavo.press/_next/static/chunks/2onuoye2b_g2z.css was preloaded using link preload but not used within a few seconds from the window's load event. Please make sure it has an appropriate `as` value and it is preloaded intentionally. @ https://one.octavo.press/welcome:0
[   73561ms] [WARNING] The resource https://one.octavo.press/_next/static/chunks/2onuoye2b_g2z.css was preloaded using link preload but not used within a few seconds from the window's load event. Please make sure it has an appropriate `as` value and it is preloaded intentionally. @ https://one.octavo.press/welcome:0
[  123298ms] [WARNING] The resource https://one.octavo.press/_next/static/chunks/2onuoye2b_g2z.css was preloaded using link preload but not used within a few seconds from the window's load event. Please make sure it has an appropriate `as` value and it is preloaded intentionally. @ https://one.octavo.press/welcome:0
[  127637ms] [INFO] Connecting to 'https://tiles.openfreemap.org/styles/positron' violates the following Content Security Policy directive: "connect-src 'self' https://api.stripe.com". The policy is report-only, so the violation has been logged but no further action has been taken. @ https://one.octavo.press/_next/static/chunks/3xobgt-sid5yy.js:0
[  127638ms] [INFO] Connecting to 'https://tiles.openfreemap.org/styles/positron' violates the following Content Security Policy directive: "connect-src 'self' https://api.stripe.com". The policy is report-only, so the violation has been logged but no further action has been taken. @ https://one.octavo.press/_next/static/chunks/3xobgt-sid5yy.js:0
[  127839ms] [INFO] Connecting to 'https://tiles.openfreemap.org/planet' violates the following Content Security Policy directive: "connect-src 'self' https://api.stripe.com". The policy is report-only, so the violation has been logged but no further action has been taken. @ https://one.octavo.press/_next/static/chunks/3xobgt-sid5yy.js:0
[  127839ms] [INFO] Connecting to 'https://tiles.openfreemap.org/planet' violates the following Content Security Policy directive: "connect-src 'self' https://api.stripe.com". The policy is report-only, so the violation has been logged but no further action has been taken. @ https://one.octavo.press/_next/static/chunks/3xobgt-sid5yy.js:0
[  127840ms] [INFO] Connecting to 'https://tiles.openfreemap.org/sprites/ofm_f384/ofm@2x.json' violates the following Content Security Policy directive: "connect-src 'self' https://api.stripe.com". The policy is report-only, so the violation has been logged but no further action has been taken. @ https://one.octavo.press/_next/static/chunks/3xobgt-sid5yy.js:0
[  127840ms] [INFO] Connecting to 'https://tiles.openfreemap.org/sprites/ofm_f384/ofm@2x.json' violates the following Content Security Policy directive: "connect-src 'self' https://api.stripe.com". The policy is report-only, so the violation has been logged but no further action has been taken. @ https://one.octavo.press/_next/static/chunks/3xobgt-sid5yy.js:0
[  127841ms] [INFO] Connecting to 'https://tiles.openfreemap.org/sprites/ofm_f384/ofm@2x.png' violates the following Content Security Policy directive: "connect-src 'self' https://api.stripe.com". The policy is report-only, so the violation has been logged but no further action has been taken. @ https://one.octavo.press/_next/static/chunks/3xobgt-sid5yy.js:0
[  127841ms] [INFO] Connecting to 'https://tiles.openfreemap.org/sprites/ofm_f384/ofm@2x.png' violates the following Content Security Policy directive: "connect-src 'self' https://api.stripe.com". The policy is report-only, so the violation has been logged but no further action has been taken. @ https://one.octavo.press/_next/static/chunks/3xobgt-sid5yy.js:0
[  128066ms] [INFO] Connecting to 'https://tiles.openfreemap.org/fonts/Noto%20Sans%20Italic/0-255.pbf' violates the following Content Security Policy directive: "connect-src 'self' https://api.stripe.com". The policy is report-only, so the violation has been logged but no further action has been taken. @ https://one.octavo.press/_next/static/chunks/3xobgt-sid5yy.js:0
[  128067ms] [INFO] Connecting to 'https://tiles.openfreemap.org/fonts/Noto%20Sans%20Italic/0-255.pbf' violates the following Content Security Policy directive: "connect-src 'self' https://api.stripe.com". The policy is report-only, so the violation has been logged but no further action has been taken. @ https://one.octavo.press/_next/static/chunks/3xobgt-sid5yy.js:0
[  128068ms] [INFO] Connecting to 'https://tiles.openfreemap.org/fonts/Noto%20Sans%20Regular/0-255.pbf' violates the following Content Security Policy directive: "connect-src 'self' https://api.stripe.com". The policy is report-only, so the violation has been logged but no further action has been taken. @ https://one.octavo.press/_next/static/chunks/3xobgt-sid5yy.js:0
[  128068ms] [INFO] Connecting to 'https://tiles.openfreemap.org/fonts/Noto%20Sans%20Regular/0-255.pbf' violates the following Content Security Policy directive: "connect-src 'self' https://api.stripe.com". The policy is report-only, so the violation has been logged but no further action has been taken. @ https://one.octavo.press/_next/static/chunks/3xobgt-sid5yy.js:0
[  128069ms] [INFO] Connecting to 'https://tiles.openfreemap.org/fonts/Noto%20Sans%20Bold/0-255.pbf' violates the following Content Security Policy directive: "connect-src 'self' https://api.stripe.com". The policy is report-only, so the violation has been logged but no further action has been taken. @ https://one.octavo.press/_next/static/chunks/3xobgt-sid5yy.js:0
[  128070ms] [INFO] Connecting to 'https://tiles.openfreemap.org/fonts/Noto%20Sans%20Bold/0-255.pbf' violates the following Content Security Policy directive: "connect-src 'self' https://api.stripe.com". The policy is report-only, so the violation has been logged but no further action has been taken. @ https://one.octavo.press/_next/static/chunks/3xobgt-sid5yy.js:0
[  128071ms] [INFO] Connecting to 'https://tiles.openfreemap.org/fonts/Noto%20Sans%20Bold/512-767.pbf' violates the following Content Security Policy directive: "connect-src 'self' https://api.stripe.com". The policy is report-only, so the violation has been logged but no further action has been taken. @ https://one.octavo.press/_next/static/chunks/3xobgt-sid5yy.js:0
[  128071ms] [INFO] Connecting to 'https://tiles.openfreemap.org/fonts/Noto%20Sans%20Bold/512-767.pbf' violates the following Content Security Policy directive: "connect-src 'self' https://api.stripe.com". The policy is report-only, so the violation has been logged but no further action has been taken. @ https://one.octavo.press/_next/static/chunks/3xobgt-sid5yy.js:0
[  128110ms] [INFO] Connecting to 'https://tiles.openfreemap.org/fonts/Noto%20Sans%20Italic/1024-1279.pbf' violates the following Content Security Policy directive: "connect-src 'self' https://api.stripe.com". The policy is report-only, so the violation has been logged but no further action has been taken. @ https://one.octavo.press/_next/static/chunks/3xobgt-sid5yy.js:0
[  128110ms] [INFO] Connecting to 'https://tiles.openfreemap.org/fonts/Noto%20Sans%20Italic/1024-1279.pbf' violates the following Content Security Policy directive: "connect-src 'self' https://api.stripe.com". The policy is report-only, so the violation has been logged but no further action has been taken. @ https://one.octavo.press/_next/static/chunks/3xobgt-sid5yy.js:0
[  128169ms] [INFO] Connecting to 'https://tiles.openfreemap.org/fonts/Noto%20Sans%20Regular/1536-1791.pbf' violates the following Content Security Policy directive: "connect-src 'self' https://api.stripe.com". The policy is report-only, so the violation has been logged but no further action has been taken. @ https://one.octavo.press/_next/static/chunks/3xobgt-sid5yy.js:0
[  128169ms] [INFO] Connecting to 'https://tiles.openfreemap.org/fonts/Noto%20Sans%20Regular/1536-1791.pbf' violates the following Content Security Policy directive: "connect-src 'self' https://api.stripe.com". The policy is report-only, so the violation has been logged but no further action has been taken. @ https://one.octavo.press/_next/static/chunks/3xobgt-sid5yy.js:0
[  128170ms] [INFO] Connecting to 'https://tiles.openfreemap.org/fonts/Noto%20Sans%20Regular/11520-11775.pbf' violates the following Content Security Policy directive: "connect-src 'self' https://api.stripe.com". The policy is report-only, so the violation has been logged but no further action has been taken. @ https://one.octavo.press/_next/static/chunks/3xobgt-sid5yy.js:0
[  128170ms] [INFO] Connecting to 'https://tiles.openfreemap.org/fonts/Noto%20Sans%20Regular/11520-11775.pbf' violates the following Content Security Policy directive: "connect-src 'self' https://api.stripe.com". The policy is report-only, so the violation has been logged but no further action has been taken. @ https://one.octavo.press/_next/static/chunks/3xobgt-sid5yy.js:0
[  128170ms] [INFO] Connecting to 'https://tiles.openfreemap.org/fonts/Noto%20Sans%20Bold/1536-1791.pbf' violates the following Content Security Policy directive: "connect-src 'self' https://api.stripe.com". The policy is report-only, so the violation has been logged but no further action has been taken. @ https://one.octavo.press/_next/static/chunks/3xobgt-sid5yy.js:0
[  128170ms] [INFO] Connecting to 'https://tiles.openfreemap.org/fonts/Noto%20Sans%20Bold/1536-1791.pbf' violates the following Content Security Policy directive: "connect-src 'self' https://api.stripe.com". The policy is report-only, so the violation has been logged but no further action has been taken. @ https://one.octavo.press/_next/static/chunks/3xobgt-sid5yy.js:0
[  128171ms] [INFO] Connecting to 'https://tiles.openfreemap.org/fonts/Noto%20Sans%20Bold/11520-11775.pbf' violates the following Content Security Policy directive: "connect-src 'self' https://api.stripe.com". The policy is report-only, so the violation has been logged but no further action has been taken. @ https://one.octavo.press/_next/static/chunks/3xobgt-sid5yy.js:0
[  128171ms] [INFO] Connecting to 'https://tiles.openfreemap.org/fonts/Noto%20Sans%20Bold/11520-11775.pbf' violates the following Content Security Policy directive: "connect-src 'self' https://api.stripe.com". The policy is report-only, so the violation has been logged but no further action has been taken. @ https://one.octavo.press/_next/static/chunks/3xobgt-sid5yy.js:0
[  131439ms] [INFO] Connecting to 'https://tiles.openfreemap.org/fonts/Noto%20Sans%20Medium,Noto%20Sans%20Regular/0-255.pbf' violates the following Content Security Policy directive: "connect-src 'self' https://api.stripe.com". The policy is report-only, so the violation has been logged but no further action has been taken. @ https://one.octavo.press/_next/static/chunks/3xobgt-sid5yy.js:0
[  131439ms] [INFO] Connecting to 'https://tiles.openfreemap.org/fonts/Noto%20Sans%20Medium,Noto%20Sans%20Regular/0-255.pbf' violates the following Content Security Policy directive: "connect-src 'self' https://api.stripe.com". The policy is report-only, so the violation has been logged but no further action has been taken. @ https://one.octavo.press/_next/static/chunks/3xobgt-sid5yy.js:0
[  132002ms] [ERROR] Failed to load resource: the server responded with a status of 404 () @ https://tiles.openfreemap.org/fonts/Noto%20Sans%20Medium,Noto%20Sans%20Regular/0-255.pbf:0
[  132016ms] [WARNING] Unable to load glyph range 0, 0-255. Rendering codepoint U+0030 locally instead. Error: AJAXError:  (404): https://tiles.openfreemap.org/fonts/Noto Sans Medium,Noto Sans Regular/0-255.pbf @ https://one.octavo.press/_next/static/chunks/3xobgt-sid5yy.js:0
[  132017ms] [WARNING] Unable to load glyph range 0, 0-255. Rendering codepoint U+0031 locally instead. Error: AJAXError:  (404): https://tiles.openfreemap.org/fonts/Noto Sans Medium,Noto Sans Regular/0-255.pbf @ https://one.octavo.press/_next/static/chunks/3xobgt-sid5yy.js:0
[  132018ms] [WARNING] Unable to load glyph range 0, 0-255. Rendering codepoint U+0032 locally instead. Error: AJAXError:  (404): https://tiles.openfreemap.org/fonts/Noto Sans Medium,Noto Sans Regular/0-255.pbf @ https://one.octavo.press/_next/static/chunks/3xobgt-sid5yy.js:0
[  132019ms] [WARNING] Unable to load glyph range 0, 0-255. Rendering codepoint U+0033 locally instead. Error: AJAXError:  (404): https://tiles.openfreemap.org/fonts/Noto Sans Medium,Noto Sans Regular/0-255.pbf @ https://one.octavo.press/_next/static/chunks/3xobgt-sid5yy.js:0
[  132021ms] [WARNING] Unable to load glyph range 0, 0-255. Rendering codepoint U+0034 locally instead. Error: AJAXError:  (404): https://tiles.openfreemap.org/fonts/Noto Sans Medium,Noto Sans Regular/0-255.pbf @ https://one.octavo.press/_next/static/chunks/3xobgt-sid5yy.js:0
[  132021ms] [WARNING] Unable to load glyph range 0, 0-255. Rendering codepoint U+0035 locally instead. Error: AJAXError:  (404): https://tiles.openfreemap.org/fonts/Noto Sans Medium,Noto Sans Regular/0-255.pbf @ https://one.octavo.press/_next/static/chunks/3xobgt-sid5yy.js:0
[  132022ms] [WARNING] Unable to load glyph range 0, 0-255. Rendering codepoint U+0036 locally instead. Error: AJAXError:  (404): https://tiles.openfreemap.org/fonts/Noto Sans Medium,Noto Sans Regular/0-255.pbf @ https://one.octavo.press/_next/static/chunks/3xobgt-sid5yy.js:0
[  132023ms] [WARNING] Unable to load glyph range 0, 0-255. Rendering codepoint U+0037 locally instead. Error: AJAXError:  (404): https://tiles.openfreemap.org/fonts/Noto Sans Medium,Noto Sans Regular/0-255.pbf @ https://one.octavo.press/_next/static/chunks/3xobgt-sid5yy.js:0
[  132024ms] [WARNING] Unable to load glyph range 0, 0-255. Rendering codepoint U+0038 locally instead. Error: AJAXError:  (404): https://tiles.openfreemap.org/fonts/Noto Sans Medium,Noto Sans Regular/0-255.pbf @ https://one.octavo.press/_next/static/chunks/3xobgt-sid5yy.js:0
[  132024ms] [WARNING] Unable to load glyph range 0, 0-255. Rendering codepoint U+0039 locally instead. Error: AJAXError:  (404): https://tiles.openfreemap.org/fonts/Noto Sans Medium,Noto Sans Regular/0-255.pbf @ https://one.octavo.press/_next/static/chunks/3xobgt-sid5yy.js:0
