[     306ms] [ERROR] Failed to load resource: the server responded with a status of 500 (Internal Server Error) @ https://one.octavo.press/api/properties/877/history:0
[     820ms] [INFO] Connecting to 'https://tiles.openfreemap.org/styles/positron' violates the following Content Security Policy directive: "connect-src 'self' https://api.stripe.com". The policy is report-only, so the violation has been logged but no further action has been taken. @ https://one.octavo.press/_next/static/chunks/3xobgt-sid5yy.js:0
[     821ms] [INFO] Connecting to 'https://tiles.openfreemap.org/styles/positron' violates the following Content Security Policy directive: "connect-src 'self' https://api.stripe.com". The policy is report-only, so the violation has been logged but no further action has been taken. @ https://one.octavo.press/_next/static/chunks/3xobgt-sid5yy.js:0
[     926ms] [INFO] Connecting to 'https://tiles.openfreemap.org/planet' violates the following Content Security Policy directive: "connect-src 'self' https://api.stripe.com". The policy is report-only, so the violation has been logged but no further action has been taken. @ https://one.octavo.press/_next/static/chunks/3xobgt-sid5yy.js:0
[     926ms] [INFO] Connecting to 'https://tiles.openfreemap.org/planet' violates the following Content Security Policy directive: "connect-src 'self' https://api.stripe.com". The policy is report-only, so the violation has been logged but no further action has been taken. @ https://one.octavo.press/_next/static/chunks/3xobgt-sid5yy.js:0
[     927ms] [INFO] Connecting to 'https://tiles.openfreemap.org/sprites/ofm_f384/ofm.json' violates the following Content Security Policy directive: "connect-src 'self' https://api.stripe.com". The policy is report-only, so the violation has been logged but no further action has been taken. @ https://one.octavo.press/_next/static/chunks/3xobgt-sid5yy.js:0
[     927ms] [INFO] Connecting to 'https://tiles.openfreemap.org/sprites/ofm_f384/ofm.json' violates the following Content Security Policy directive: "connect-src 'self' https://api.stripe.com". The policy is report-only, so the violation has been logged but no further action has been taken. @ https://one.octavo.press/_next/static/chunks/3xobgt-sid5yy.js:0
[     927ms] [INFO] Connecting to 'https://tiles.openfreemap.org/sprites/ofm_f384/ofm.png' violates the following Content Security Policy directive: "connect-src 'self' https://api.stripe.com". The policy is report-only, so the violation has been logged but no further action has been taken. @ https://one.octavo.press/_next/static/chunks/3xobgt-sid5yy.js:0
[     927ms] [INFO] Connecting to 'https://tiles.openfreemap.org/sprites/ofm_f384/ofm.png' violates the following Content Security Policy directive: "connect-src 'self' https://api.stripe.com". The policy is report-only, so the violation has been logged but no further action has been taken. @ https://one.octavo.press/_next/static/chunks/3xobgt-sid5yy.js:0
[    1088ms] [WARNING] Expected value to be of type number, but found null instead. @ blob:https://one.octavo.press/fc63644e-19dc-44dd-8122-fb76a1752793:0
[    1089ms] [WARNING] Expected value to be of type number, but found null instead. @ blob:https://one.octavo.press/fc63644e-19dc-44dd-8122-fb76a1752793:0
[    1089ms] [WARNING] Expected value to be of type number, but found null instead. @ blob:https://one.octavo.press/fc63644e-19dc-44dd-8122-fb76a1752793:0
[    1091ms] [INFO] Connecting to 'https://tiles.openfreemap.org/fonts/Noto%20Sans%20Italic/0-255.pbf' violates the following Content Security Policy directive: "connect-src 'self' https://api.stripe.com". The policy is report-only, so the violation has been logged but no further action has been taken. @ https://one.octavo.press/_next/static/chunks/3xobgt-sid5yy.js:0
[    1092ms] [INFO] Connecting to 'https://tiles.openfreemap.org/fonts/Noto%20Sans%20Italic/0-255.pbf' violates the following Content Security Policy directive: "connect-src 'self' https://api.stripe.com". The policy is report-only, so the violation has been logged but no further action has been taken. @ https://one.octavo.press/_next/static/chunks/3xobgt-sid5yy.js:0
[    1092ms] [INFO] Connecting to 'https://tiles.openfreemap.org/fonts/Noto%20Sans%20Regular/0-255.pbf' violates the following Content Security Policy directive: "connect-src 'self' https://api.stripe.com". The policy is report-only, so the violation has been logged but no further action has been taken. @ https://one.octavo.press/_next/static/chunks/3xobgt-sid5yy.js:0
[    1092ms] [INFO] Connecting to 'https://tiles.openfreemap.org/fonts/Noto%20Sans%20Regular/0-255.pbf' violates the following Content Security Policy directive: "connect-src 'self' https://api.stripe.com". The policy is report-only, so the violation has been logged but no further action has been taken. @ https://one.octavo.press/_next/static/chunks/3xobgt-sid5yy.js:0
[    1539ms] [INFO] Connecting to 'https://tiles.openfreemap.org/fonts/Noto%20Sans%20Medium,Noto%20Sans%20Regular/0-255.pbf' violates the following Content Security Policy directive: "connect-src 'self' https://api.stripe.com". The policy is report-only, so the violation has been logged but no further action has been taken. @ https://one.octavo.press/_next/static/chunks/3xobgt-sid5yy.js:0
[    1539ms] [INFO] Connecting to 'https://tiles.openfreemap.org/fonts/Noto%20Sans%20Medium,Noto%20Sans%20Regular/0-255.pbf' violates the following Content Security Policy directive: "connect-src 'self' https://api.stripe.com". The policy is report-only, so the violation has been logged but no further action has been taken. @ https://one.octavo.press/_next/static/chunks/3xobgt-sid5yy.js:0
[    1541ms] [ERROR] Failed to load resource: the server responded with a status of 404 () @ https://tiles.openfreemap.org/fonts/Noto%20Sans%20Medium,Noto%20Sans%20Regular/0-255.pbf:0
[    1545ms] [WARNING] Unable to load glyph range 0, 0-255. Rendering codepoint U+0024 locally instead. Error: AJAXError:  (404): https://tiles.openfreemap.org/fonts/Noto Sans Medium,Noto Sans Regular/0-255.pbf @ https://one.octavo.press/_next/static/chunks/3xobgt-sid5yy.js:0
[    1545ms] [WARNING] Unable to load glyph range 0, 0-255. Rendering codepoint U+002E locally instead. Error: AJAXError:  (404): https://tiles.openfreemap.org/fonts/Noto Sans Medium,Noto Sans Regular/0-255.pbf @ https://one.octavo.press/_next/static/chunks/3xobgt-sid5yy.js:0
[    1546ms] [WARNING] Unable to load glyph range 0, 0-255. Rendering codepoint U+0030 locally instead. Error: AJAXError:  (404): https://tiles.openfreemap.org/fonts/Noto Sans Medium,Noto Sans Regular/0-255.pbf @ https://one.octavo.press/_next/static/chunks/3xobgt-sid5yy.js:0
[    1547ms] [WARNING] Unable to load glyph range 0, 0-255. Rendering codepoint U+0031 locally instead. Error: AJAXError:  (404): https://tiles.openfreemap.org/fonts/Noto Sans Medium,Noto Sans Regular/0-255.pbf @ https://one.octavo.press/_next/static/chunks/3xobgt-sid5yy.js:0
[    1548ms] [WARNING] Unable to load glyph range 0, 0-255. Rendering codepoint U+0032 locally instead. Error: AJAXError:  (404): https://tiles.openfreemap.org/fonts/Noto Sans Medium,Noto Sans Regular/0-255.pbf @ https://one.octavo.press/_next/static/chunks/3xobgt-sid5yy.js:0
[    1548ms] [WARNING] Unable to load glyph range 0, 0-255. Rendering codepoint U+0033 locally instead. Error: AJAXError:  (404): https://tiles.openfreemap.org/fonts/Noto Sans Medium,Noto Sans Regular/0-255.pbf @ https://one.octavo.press/_next/static/chunks/3xobgt-sid5yy.js:0
[    1549ms] [WARNING] Unable to load glyph range 0, 0-255. Rendering codepoint U+0034 locally instead. Error: AJAXError:  (404): https://tiles.openfreemap.org/fonts/Noto Sans Medium,Noto Sans Regular/0-255.pbf @ https://one.octavo.press/_next/static/chunks/3xobgt-sid5yy.js:0
[    1549ms] [WARNING] Unable to load glyph range 0, 0-255. Rendering codepoint U+0035 locally instead. Error: AJAXError:  (404): https://tiles.openfreemap.org/fonts/Noto Sans Medium,Noto Sans Regular/0-255.pbf @ https://one.octavo.press/_next/static/chunks/3xobgt-sid5yy.js:0
[    1549ms] [WARNING] Unable to load glyph range 0, 0-255. Rendering codepoint U+0036 locally instead. Error: AJAXError:  (404): https://tiles.openfreemap.org/fonts/Noto Sans Medium,Noto Sans Regular/0-255.pbf @ https://one.octavo.press/_next/static/chunks/3xobgt-sid5yy.js:0
[    1550ms] [WARNING] Unable to load glyph range 0, 0-255. Rendering codepoint U+0037 locally instead. Error: AJAXError:  (404): https://tiles.openfreemap.org/fonts/Noto Sans Medium,Noto Sans Regular/0-255.pbf @ https://one.octavo.press/_next/static/chunks/3xobgt-sid5yy.js:0
[    1550ms] [WARNING] Unable to load glyph range 0, 0-255. Rendering codepoint U+0038 locally instead. Error: AJAXError:  (404): https://tiles.openfreemap.org/fonts/Noto Sans Medium,Noto Sans Regular/0-255.pbf @ https://one.octavo.press/_next/static/chunks/3xobgt-sid5yy.js:0
[    1551ms] [WARNING] Unable to load glyph range 0, 0-255. Rendering codepoint U+0039 locally instead. Error: AJAXError:  (404): https://tiles.openfreemap.org/fonts/Noto Sans Medium,Noto Sans Regular/0-255.pbf @ https://one.octavo.press/_next/static/chunks/3xobgt-sid5yy.js:0
[    1551ms] [WARNING] Unable to load glyph range 0, 0-255. Rendering codepoint U+004B locally instead. Error: AJAXError:  (404): https://tiles.openfreemap.org/fonts/Noto Sans Medium,Noto Sans Regular/0-255.pbf @ https://one.octavo.press/_next/static/chunks/3xobgt-sid5yy.js:0
[    1551ms] [WARNING] Unable to load glyph range 0, 0-255. Rendering codepoint U+004D locally instead. Error: AJAXError:  (404): https://tiles.openfreemap.org/fonts/Noto Sans Medium,Noto Sans Regular/0-255.pbf @ https://one.octavo.press/_next/static/chunks/3xobgt-sid5yy.js:0
[    1557ms] [WARNING] Expected value to be of type number, but found string instead. @ blob:https://one.octavo.press/fc63644e-19dc-44dd-8122-fb76a1752793:0
[    2576ms] [ERROR] Error: <polyline> attribute points: Expected number, "4.0,NaN 9.1,NaN 14.1…". @ https://one.octavo.press/_next/static/chunks/2_jm78b34ef7o.js:0
[    2576ms] [ERROR] Error: <circle> attribute cy: Expected length, "NaN". @ https://one.octavo.press/_next/static/chunks/2_jm78b34ef7o.js:0
[ 2564276ms] [ERROR] Failed to load resource: net::ERR_NAME_NOT_RESOLVED @ https://one.octavo.press/api/alerts:0
[ 2564276ms] [ERROR] Failed to load resource: net::ERR_NAME_NOT_RESOLVED @ https://one.octavo.press/api/alerts:0
[ 8831342ms] [ERROR] Failed to load resource: net::ERR_CONNECTION_RESET @ https://one.octavo.press/api/saved-searches?user_id=8a7c5af6-1b68-4819-af95-a0bfb245a395:0
